loaded 16.19 GB of weights in 3.1s
captured graphs for buckets [262144] in 0.3s
weights 16.19 GB, cuda allocated 25.23 GB
prefill 5 tokens: 1858 ms
decode at context 40: 10.24 ms/step = 97.6 tok/s   (13.65 GB read per step -> 1333 GB/s, 78.3% of the wall; ceiling 124.6 tok/s)
peak cuda 25.39 GB
loaded 16.19 GB of weights in 3.1s
captured graphs for buckets [262144] in 0.3s
weights 16.19 GB, cuda allocated 25.23 GB
prefill 8005 tokens: 7558 ms
decode at context 8040: 10.42 ms/step = 96.0 tok/s   (13.92 GB read per step -> 1336 GB/s, 78.5% of the wall; ceiling 122.2 tok/s)
peak cuda 26.38 GB
loaded 16.19 GB of weights in 3.1s
captured graphs for buckets [262144] in 0.3s
weights 16.19 GB, cuda allocated 25.23 GB
prefill 16005 tokens: 13527 ms
decode at context 16040: 10.60 ms/step = 94.4 tok/s   (14.18 GB read per step -> 1338 GB/s, 78.7% of the wall; ceiling 119.9 tok/s)
peak cuda 26.38 GB
loaded 16.19 GB of weights in 3.1s
captured graphs for buckets [262144] in 0.3s
weights 16.19 GB, cuda allocated 25.23 GB
prefill 32005 tokens: 26252 ms
decode at context 32040: 10.92 ms/step = 91.6 tok/s   (14.72 GB read per step -> 1347 GB/s, 79.2% of the wall; ceiling 115.6 tok/s)
peak cuda 26.38 GB
loaded 16.19 GB of weights in 3.1s
captured graphs for buckets [262144] in 0.3s
weights 16.19 GB, cuda allocated 25.23 GB
prefill 64005 tokens: 54721 ms
decode at context 64040: 11.59 ms/step = 86.3 tok/s   (15.78 GB read per step -> 1361 GB/s, 80.0% of the wall; ceiling 107.8 tok/s)
peak cuda 26.38 GB
loaded 16.19 GB of weights in 3.1s
captured graphs for buckets [262144] in 0.3s
weights 16.19 GB, cuda allocated 25.23 GB
loaded 16.19 GB of weights in 3.1s
captured graphs for buckets [262144] in 0.3s
weights 16.19 GB, cuda allocated 25.23 GB
prefill 128005 tokens: 124266 ms
decode at context 128040: 12.88 ms/step = 77.7 tok/s   (17.91 GB read per step -> 1391 GB/s, 81.8% of the wall; ceiling 95.0 tok/s)
peak cuda 26.39 GB
loaded 16.19 GB of weights in 3.1s
captured graphs for buckets [262144] in 0.3s
weights 16.19 GB, cuda allocated 25.23 GB
prefill 160005 tokens: 165553 ms
decode at context 160040: 13.51 ms/step = 74.0 tok/s   (18.98 GB read per step -> 1404 GB/s, 82.6% of the wall; ceiling 89.6 tok/s)
peak cuda 26.39 GB
loaded 16.19 GB of weights in 3.1s
captured graphs for buckets [262144] in 0.3s
weights 16.19 GB, cuda allocated 25.23 GB
loaded 16.19 GB of weights in 3.1s
captured graphs for buckets [262144] in 0.3s
weights 16.19 GB, cuda allocated 25.23 GB
prefill 240005 tokens: 286631 ms
decode at context 240040: 15.09 ms/step = 66.3 tok/s   (21.64 GB read per step -> 1434 GB/s, 84.3% of the wall; ceiling 78.6 tok/s)
peak cuda 26.39 GB
loaded 16.19 GB of weights in 4.7s
captured graphs for buckets [262144] in 0.4s
weights 16.19 GB, cuda allocated 25.23 GB
loaded 16.19 GB of weights in 3.1s
captured graphs for buckets [262144] in 0.3s
weights 16.19 GB, cuda allocated 25.23 GB
prefill 200005 tokens: 221977 ms
decode at context 200040: 14.34 ms/step = 69.7 tok/s   (20.31 GB read per step -> 1416 GB/s, 83.3% of the wall; ceiling 83.8 tok/s)
peak cuda 26.39 GB
loaded 16.19 GB of weights in 3.1s
captured graphs for buckets [262144] in 0.3s
weights 16.19 GB, cuda allocated 25.23 GB
prefill 96005 tokens: 88083 ms
decode at context 96040: 12.23 ms/step = 81.8 tok/s   (16.85 GB read per step -> 1378 GB/s, 81.0% of the wall; ceiling 101.0 tok/s)
peak cuda 26.39 GB
