warning: Error disabling address space randomization: Operation not permitted
[Thread debugging using libthread_db enabled]
Using host libthread_db library "/lib/x86_64-linux-gnu/libthread_db.so.1".
[New Thread 0x7c8ec95ff6c0 (LWP 167614)]
[New Thread 0x7c8ec8dfe6c0 (LWP 167615)]
[New Thread 0x7c8ec85fd6c0 (LWP 167616)]
[New Thread 0x7c8ec7dfc6c0 (LWP 167617)]
[New Thread 0x7c8ec75fb6c0 (LWP 167618)]
[New Thread 0x7c8ec6dfa6c0 (LWP 167619)]
[New Thread 0x7c8ec65f96c0 (LWP 167620)]
[New Thread 0x7c8ec5df86c0 (LWP 167621)]
[New Thread 0x7c8ec55f76c0 (LWP 167622)]
[New Thread 0x7c8ec4df66c0 (LWP 167623)]
[New Thread 0x7c8ec45f56c0 (LWP 167624)]
[New Thread 0x7c8ec3df46c0 (LWP 167625)]
[New Thread 0x7c8ec35f36c0 (LWP 167626)]
[New Thread 0x7c8ec2df26c0 (LWP 167627)]
[New Thread 0x7c8ec25f16c0 (LWP 167628)]
[New Thread 0x7c8ec1df06c0 (LWP 167629)]
[New Thread 0x7c8ec15ef6c0 (LWP 167630)]
[New Thread 0x7c8ec0dee6c0 (LWP 167631)]
[New Thread 0x7c8ec05ed6c0 (LWP 167632)]
[New Thread 0x7c8ebfdec6c0 (LWP 167633)]
[New Thread 0x7c8ebf5eb6c0 (LWP 167634)]
[New Thread 0x7c8ebedea6c0 (LWP 167635)]
[New Thread 0x7c8ebe5e96c0 (LWP 167636)]
[Detaching after vfork from child process 167637]
[New Thread 0x7c8eab5066c0 (LWP 167638)]
[Detaching after vfork from child process 167639]
[Detaching after vfork from child process 167640]
[Detaching after vfork from child process 167641]
[New Thread 0x7c8c9a2646c0 (LWP 167642)]
[New Thread 0x7c8c959ff6c0 (LWP 167643)]
[New Thread 0x7c8c94ffe6c0 (LWP 167644)]
loaded 16.19 GB of weights in 3.1s
[Detaching after vfork from child process 167645]
[Detaching after vfork from child process 167646]
[Detaching after vfork from child process 167647]
[Detaching after vfork from child process 167648]
[New Thread 0x7c8c8edde6c0 (LWP 167649)]
[New Thread 0x7c8c8e5dd6c0 (LWP 167650)]
[New Thread 0x7c8c86a226c0 (LWP 167651)]
[New Thread 0x7c8c862216c0 (LWP 167652)]
[New Thread 0x7c8c85a206c0 (LWP 167653)]
[New Thread 0x7c8c81b516c0 (LWP 167654)]
[New Thread 0x7c8c813506c0 (LWP 167655)]
[New Thread 0x7c8c80b4f6c0 (LWP 167656)]
[New Thread 0x7c8c5ffff6c0 (LWP 167657)]
[New Thread 0x7c8c5f7fe6c0 (LWP 167658)]
[New Thread 0x7c8c5effd6c0 (LWP 167659)]
[New Thread 0x7c8c5e7fc6c0 (LWP 167660)]
[New Thread 0x7c8c5dffb6c0 (LWP 167661)]
[New Thread 0x7c8c5d7fa6c0 (LWP 167662)]
[New Thread 0x7c8c5cff96c0 (LWP 167663)]
[New Thread 0x7c8c5c7f86c0 (LWP 167664)]
[New Thread 0x7c8c5bff76c0 (LWP 167665)]
[New Thread 0x7c8c5b7f66c0 (LWP 167666)]
[New Thread 0x7c8c5aff56c0 (LWP 167667)]
[New Thread 0x7c8c5a7f46c0 (LWP 167668)]
[New Thread 0x7c8c59ff36c0 (LWP 167669)]
[New Thread 0x7c8c597f26c0 (LWP 167670)]
[New Thread 0x7c8c58ff16c0 (LWP 167671)]
cuda 28.3 GB after capture
[New Thread 0x7c8c945fd6c0 (LWP 167672)]
[New Thread 0x7c8c943fc6c0 (LWP 167673)]
[New Thread 0x7c8c8dddc6c0 (LWP 167674)]
[New Thread 0x7c8c8dbdb6c0 (LWP 167675)]
[New Thread 0x7c8c8c25e6c0 (LWP 167676)]
[New Thread 0x7c8c8521f6c0 (LWP 167677)]
[New Thread 0x7c8c8034e6c0 (LWP 167678)]
[New Thread 0x7c8c587f06c0 (LWP 167679)]
[New Thread 0x7c8c585ef6c0 (LWP 167680)]
[New Thread 0x7c8c583ee6c0 (LWP 167681)]
[New Thread 0x7c8c5182b6c0 (LWP 167682)]
[New Thread 0x7c8c5162a6c0 (LWP 167683)]
[New Thread 0x7c8c514296c0 (LWP 167684)]
[New Thread 0x7c8c512286c0 (LWP 167685)]
[New Thread 0x7c8c510276c0 (LWP 167686)]
[New Thread 0x7c8c50e266c0 (LWP 167687)]
[New Thread 0x7c8c50c256c0 (LWP 167688)]
[New Thread 0x7c8c50a246c0 (LWP 167689)]
[New Thread 0x7c8c508236c0 (LWP 167690)]
[New Thread 0x7c8c506226c0 (LWP 167691)]
[New Thread 0x7c8c504216c0 (LWP 167692)]
[New Thread 0x7c8c502206c0 (LWP 167693)]
[New Thread 0x7c8c498e46c0 (LWP 167694)]
[transformers] Token indices sequence length is longer than the specified maximum sequence length for this model (1404329 > 262144). Running this sequence through the model will result in indexing errors
1404329 tokens available
positions (token offsets of the generation point): 1171066,1403817
512 new tokens per position; drafts: DFlash2, MTP chain
context  160000 pos  1171066: raw   73.8 tok/s | dflash  297.8 tok/s, 6.33 tokens/step, 21.3 ms/step n=513/81 DIVERGED@81 | mtp  259.7 tok/s, 4.40 tokens/step, 17.0 ms/step n=515/117 DIVERGED@81 | prefill 171s | ' (item.as_proxy(),),\n                    {},\n                ),'
context  160000 pos  1403817: raw   73.8 tok/s | dflash  223.4 tok/s, 4.75 tokens/step, 21.3 ms/step n=513/108 DIVERGED@113 | mtp  210.5 tok/s, 3.53 tokens/step, 16.8 ms/step n=512/145 DIVERGED@113 | prefill 171s | '[tuple[Any, ...], dict[str, Any]]]:'
summary context  160000: raw   73.8 tok/s [74-74] | dflash  255.3 tok/s [223-298], 5.43 tokens/step [4.75-6.33], 21.3 ms/step | mtp  232.6 tok/s [211-260], 3.92 tokens/step [3.53-4.40], 16.9 ms/step | KV read 5.3 GB/step | 2 positions x 512 tokens | 364s
[Thread 0x7c8ebe5e96c0 (LWP 167636) exited]
[Thread 0x7c8ebedea6c0 (LWP 167635) exited]
[Thread 0x7c8ebfdec6c0 (LWP 167633) exited]
[Thread 0x7c8ec0dee6c0 (LWP 167631) exited]
[Thread 0x7c8ec15ef6c0 (LWP 167630) exited]
[Thread 0x7c8ec1df06c0 (LWP 167629) exited]
[Thread 0x7c8ec25f16c0 (LWP 167628) exited]
[Thread 0x7c8ec2df26c0 (LWP 167627) exited]
[Thread 0x7c8ec35f36c0 (LWP 167626) exited]
[Thread 0x7c8ec3df46c0 (LWP 167625) exited]
[Thread 0x7c8ec45f56c0 (LWP 167624) exited]
[Thread 0x7c8ec4df66c0 (LWP 167623) exited]
[Thread 0x7c8ec55f76c0 (LWP 167622) exited]
[Thread 0x7c8ec5df86c0 (LWP 167621) exited]
[Thread 0x7c8ec65f96c0 (LWP 167620) exited]
[Thread 0x7c8ec6dfa6c0 (LWP 167619) exited]
[Thread 0x7c8ec75fb6c0 (LWP 167618) exited]
[Thread 0x7c8ec7dfc6c0 (LWP 167617) exited]
[Thread 0x7c8ec85fd6c0 (LWP 167616) exited]
[Thread 0x7c8ec8dfe6c0 (LWP 167615) exited]
[Thread 0x7c8ec95ff6c0 (LWP 167614) exited]
[Thread 0x7c8ec05ed6c0 (LWP 167632) exited]
[Thread 0x7c8ebf5eb6c0 (LWP 167634) exited]
[Thread 0x7c8eab5066c0 (LWP 167638) exited]
[Thread 0x7c8c945fd6c0 (LWP 167672) exited]
[Thread 0x7c8c5b7f66c0 (LWP 167666) exited]
[Thread 0x7c8c5ffff6c0 (LWP 167657) exited]
[Thread 0x7c8c5a7f46c0 (LWP 167668) exited]
[Thread 0x7c8c943fc6c0 (LWP 167673) exited]
[Thread 0x7c8c58ff16c0 (LWP 167671) exited]
[Thread 0x7c8c502206c0 (LWP 167693) exited]
[Thread 0x7c8c504216c0 (LWP 167692) exited]
[Thread 0x7c8c506226c0 (LWP 167691) exited]
[Thread 0x7c8c498e46c0 (LWP 167694) exited]
[Thread 0x7c8c512286c0 (LWP 167685) exited]
[Thread 0x7c8c597f26c0 (LWP 167670) exited]
[Thread 0x7c8c59ff36c0 (LWP 167669) exited]
[Thread 0x7c8c5aff56c0 (LWP 167667) exited]
[Thread 0x7c8c5bff76c0 (LWP 167665) exited]
[Thread 0x7c8c5c7f86c0 (LWP 167664) exited]
[Thread 0x7c8c5162a6c0 (LWP 167683) exited]
[Thread 0x7c8c514296c0 (LWP 167684) exited]
[Thread 0x7c8c508236c0 (LWP 167690) exited]
[Thread 0x7c8c50a246c0 (LWP 167689) exited]
[Thread 0x7c8c50c256c0 (LWP 167688) exited]
[Thread 0x7c8c50e266c0 (LWP 167687) exited]
[Thread 0x7c8c510276c0 (LWP 167686) exited]
[Thread 0x7c8c5182b6c0 (LWP 167682) exited]
[Thread 0x7c8c583ee6c0 (LWP 167681) exited]
[Thread 0x7c8c585ef6c0 (LWP 167680) exited]
[Thread 0x7c8c587f06c0 (LWP 167679) exited]
[Thread 0x7c8c8034e6c0 (LWP 167678) exited]
[Thread 0x7c8c8521f6c0 (LWP 167677) exited]
[Thread 0x7c8c8c25e6c0 (LWP 167676) exited]
[Thread 0x7c8c8dbdb6c0 (LWP 167675) exited]
[Thread 0x7c8c8dddc6c0 (LWP 167674) exited]
[Thread 0x7c8c5cff96c0 (LWP 167663) exited]
[Thread 0x7c8c5d7fa6c0 (LWP 167662) exited]
[Thread 0x7c8c5dffb6c0 (LWP 167661) exited]
[Thread 0x7c8c5e7fc6c0 (LWP 167660) exited]
[Thread 0x7c8c5effd6c0 (LWP 167659) exited]
[Thread 0x7c8c5f7fe6c0 (LWP 167658) exited]
[Thread 0x7c8c80b4f6c0 (LWP 167656) exited]
[Thread 0x7c8c813506c0 (LWP 167655) exited]
[Thread 0x7c8c81b516c0 (LWP 167654) exited]
[Thread 0x7c8c85a206c0 (LWP 167653) exited]
[Thread 0x7c8c86a226c0 (LWP 167651) exited]
[Thread 0x7c8c8e5dd6c0 (LWP 167650) exited]
[Thread 0x7c8c8edde6c0 (LWP 167649) exited]
[Thread 0x7c8c94ffe6c0 (LWP 167644) exited]
[Thread 0x7c8c959ff6c0 (LWP 167643) exited]
[Thread 0x7c8c9a2646c0 (LWP 167642) exited]
[Thread 0x7c8fb6692740 (LWP 167611) exited]
[Thread 0x7c8c862216c0 (LWP 167652) exited]
[New process 167611]
[Inferior 1 (process 167611) exited normally]
No stack.
The program has no registers now.
