Warning: You are sending unauthenticated requests to the HF Hub. Please set a HF_TOKEN to enable higher rate limits and faster downloads.
prose: 6.0 MB
code: 6.1 MB
  + 'The House on the Borderland by William Hope Hodgson': 0.28 MB
  + 'My First Years As A Frenchwoman 1876-1879 by Mary King Waddi': 0.35 MB
  + 'The Warriors by Anna Robertson Brown Lindsay': 0.28 MB
  + 'A Voyage to the Moon by George Tucker': 0.41 MB
  + 'La Fiammetta by Giovanni Boccaccio': 0.07 MB
  + 'Carmilla by J. Sheridan LeFanu': 0.16 MB
  + 'The Mystery by Stewart Edward White and Samuel Hopkins Adams': 0.38 MB
  + 'Wild Northern Scenes by S. H. Hammond': 0.47 MB
  + 'Divine Comedy Inferno by Dante Alighieri': 0.22 MB
  + 'The Eulogies of Howard by William Hayley': 0.06 MB
  + '365 Foreign Dishes by Unknown Author': 0.13 MB
  + 'The Mountains of California by John Muir': 0.53 MB
  + 'Punchinello Vol. 1 No. 9 May 28 1870 by Various': 0.11 MB
  + 'Punchinello Vol. 1 No. 18 July 30 1870 by Various': 0.12 MB
  + 'Punchinello Vol. 1 No. 19 August 6 1870 by Various': 0.11 MB
  + 'Punchinello Vol. 1 No. 21 August 20 1870 by Various': 0.12 MB
  + 'Punchinello Vol. 1 No. 23 September 3 1870 by Various': 0.11 MB
  + 'Punchinello Vol. 1 No. 5 April 30 1870 by Various': 0.12 MB
  + 'Punchinello Vol. 1 No. 22 August 27 1870 by Various': 0.11 MB
  + 'Divine Comedy Purgatory by Dante Alighieri': 0.23 MB
  + 'The Strand Magazine Vol. 7 No. 37 Jan 1894 by Various': 0.25 MB
  + 'Tenterhooks by Ada Leverson': 0.29 MB
  + "There's Pippins And Cheese To Come by Charles S. Brooks": 0.19 MB
  + 'Beneath the Banner by F. J. Cross': 0.28 MB
  + 'Gaslight Sonatas by Fannie Hurst': 0.37 MB
  + 'The Mirror of Literature Amusement and Instruction': 0.08 MB
  + 'The Triple Alliance by Harold Avery': 0.41 MB
pg19: 6.3 MB
LONG_TEXT_EXIT=0
