Using CPython 3.12.14 interpreter at: /venv/main/bin/python3.12
Creating virtual environment at: /workspace/venvs/exl3
Activate with: source /workspace/venvs/exl3/bin/activate
Using Python 3.12.14 environment at: /workspace/venvs/exl3
Resolved 29 packages in 6.17s
Downloading triton (179.6MiB)
Downloading torch (506.5MiB)
Downloading nvidia-cuda-runtime (2.1MiB)
Downloading nvidia-cusolver (191.6MiB)
Downloading nvidia-cufft (204.2MiB)
Downloading setuptools (1.0MiB)
Downloading nvidia-cufile (1.2MiB)
Downloading sympy (6.0MiB)
Downloading nvidia-nccl-cu13 (187.4MiB)
Downloading networkx (2.0MiB)
Downloading nvidia-nvshmem-cu13 (57.6MiB)
Downloading cuda-bindings (6.8MiB)
Downloading nvidia-cuda-cupti (10.2MiB)
Downloading nvidia-nvjitlink (38.8MiB)
Downloading nvidia-curand (56.8MiB)
Downloading nvidia-cublas (403.5MiB)
Downloading nvidia-cudnn-cu13 (349.1MiB)
Downloading nvidia-cusparse (139.2MiB)
Downloading nvidia-cuda-nvrtc (86.0MiB)
Downloading nvidia-cusparselt-cu13 (162.0MiB)
 Downloaded triton
 Downloaded torch
 Downloaded setuptools
 Downloaded nvidia-cufile
 Downloaded networkx
 Downloaded nvidia-cuda-runtime
 Downloaded sympy
 Downloaded cuda-bindings
 Downloaded nvidia-cuda-cupti
 Downloaded nvidia-nvjitlink
 Downloaded nvidia-curand
 Downloaded nvidia-nvshmem-cu13
 Downloaded nvidia-cuda-nvrtc
 Downloaded nvidia-cusparse
 Downloaded nvidia-cusparselt-cu13
 Downloaded nvidia-nccl-cu13
 Downloaded nvidia-cusolver
 Downloaded nvidia-cufft
 Downloaded nvidia-cudnn-cu13
 Downloaded nvidia-cublas
Prepared 29 packages in 10m 44s
Installed 29 packages in 1.29s
 + cuda-bindings==13.4.1
 + cuda-pathfinder==1.8.1
 + cuda-toolkit==13.0.2
 + filelock==3.32.6
 + fsspec==2026.7.0
 + jinja2==3.1.6
 + markupsafe==3.0.3
 + mpmath==1.3.0
 + networkx==3.6.1
 + nvidia-cublas==13.1.0.3
 + nvidia-cuda-cupti==13.0.85
 + nvidia-cuda-nvrtc==13.0.88
 + nvidia-cuda-runtime==13.0.96
 + nvidia-cudnn-cu13==9.19.0.56
 + nvidia-cufft==12.0.0.61
 + nvidia-cufile==1.15.1.6
 + nvidia-curand==10.4.0.35
 + nvidia-cusolver==12.0.4.66
 + nvidia-cusparse==12.6.3.3
 + nvidia-cusparselt-cu13==0.8.0
 + nvidia-nccl-cu13==2.28.9
 + nvidia-nvjitlink==13.0.88
 + nvidia-nvshmem-cu13==3.4.5
 + nvidia-nvtx==13.0.85
 + setuptools==81.0.0
 + sympy==1.14.0
 + torch==2.11.0+cu130
 + triton==3.6.0
 + typing-extensions==4.16.0
Using Python 3.12.14 environment at: /workspace/venvs/exl3
Resolved 65 packages in 7.77s
Downloading hf-xet (4.3MiB)
Downloading pydantic-core (2.0MiB)
Downloading transformers (11.7MiB)
Downloading numpy (15.9MiB)
Downloading pillow (6.6MiB)
Downloading tokenizers (3.2MiB)
Downloading marisa-trie (1.4MiB)
Downloading pygments (1.2MiB)
Downloading exllamav3 (271.4MiB)
Downloading llguidance (3.0MiB)
 Downloaded pygments
 Downloaded marisa-trie
 Downloaded pydantic-core
 Downloaded llguidance
 Downloaded tokenizers
 Downloaded hf-xet
 Downloaded pillow
 Downloaded transformers
 Downloaded numpy
 Downloaded exllamav3
Prepared 36 packages in 3.91s
Installed 36 packages in 675ms
 + annotated-doc==0.0.5
 + annotated-types==0.8.0
 + anyio==4.15.1
 + certifi==2026.7.22
 + click==8.5.0
 + einops==0.8.2
 + exllamav3==1.4.6+cu132.torch2.11.0 (from https://github.com/turboderp-org/exllamav3/releases/download/v1.4.6/exllamav3-1.4.6+cu132.torch2.11.0-cp312-cp312-linux_x86_64.whl)
 + fla-core==0.5.2
 + flash-linear-attention==0.5.2
 + h11==0.16.0
 + hf-xet==1.6.0
 + httpcore==1.0.9
 + httpx==0.28.1
 + huggingface-hub==1.31.0
 + idna==3.19
 + llguidance==1.8.0
 + marisa-trie==1.4.1
 + markdown-it-py==4.2.0
 + mdurl==0.1.2
 + ninja==1.13.2
 + numpy==2.5.3
 + packaging==26.3
 + pillow==12.3.0
 + pydantic==2.13.5
 + pydantic-core==2.46.5
 + pygments==2.21.0
 + pyyaml==6.0.3
 + regex==2026.9.10
 + rich==15.0.0
 + safetensors==0.8.0
 + shellingham==1.5.4
 + tokenizers==0.23.2
 + tqdm==4.70.1
 + transformers==5.17.0
 + typer==0.27.2
 + typing-inspection==0.4.4
EXL3_EXIT=0
