Using Python 3.12.14 environment at: /venv/main
Resolved 29 packages in 493ms
Downloading nvidia-curand (56.8MiB)
Downloading nvidia-nvjitlink (40.5MiB)
Downloading networkx (2.0MiB)
Downloading nvidia-cuda-cupti (10.2MiB)
Downloading nvidia-cusolver (191.6MiB)
Downloading cuda-bindings (6.8MiB)
Downloading nvidia-cusparselt-cu13 (162.3MiB)
Downloading nvidia-nccl-cu13 (206.0MiB)
Downloading nvidia-cufile (1.2MiB)
Downloading nvidia-nvshmem-cu13 (57.6MiB)
Downloading nvidia-cufft (204.2MiB)
Downloading nvidia-cuda-nvrtc (86.0MiB)
Downloading nvidia-cudnn-cu13 (527.5MiB)
Downloading sympy (6.0MiB)
Downloading nvidia-cusparse (139.2MiB)
Downloading nvidia-cuda-runtime (2.1MiB)
Downloading nvidia-cublas (403.5MiB)
Downloading torch (528.9MiB)
Downloading triton (235.4MiB)
 Downloaded nvidia-cufile
 Downloaded triton
 Downloaded networkx
 Downloaded nvidia-cuda-runtime
 Downloaded torch
 Downloaded sympy
 Downloaded cuda-bindings
 Downloaded nvidia-cuda-cupti
 Downloaded nvidia-nvjitlink
 Downloaded nvidia-curand
 Downloaded nvidia-nvshmem-cu13
 Downloaded nvidia-cuda-nvrtc
 Downloaded nvidia-cusparse
 Downloaded nvidia-cusparselt-cu13
 Downloaded nvidia-cusolver
 Downloaded nvidia-nccl-cu13
 Downloaded nvidia-cufft
 Downloaded nvidia-cublas
 Downloaded nvidia-cudnn-cu13
Prepared 25 packages in 36.42s
Installed 25 packages in 543ms
 + cuda-bindings==13.4.1
 + cuda-pathfinder==1.8.1
 + cuda-toolkit==13.0.3.0
 + jinja2==3.1.6
 + markupsafe==3.0.3
 + mpmath==1.3.0
 + networkx==3.6.1
 + nvidia-cublas==13.1.1.3
 + nvidia-cuda-cupti==13.0.85
 + nvidia-cuda-nvrtc==13.0.88
 + nvidia-cuda-runtime==13.0.96
 + nvidia-cudnn-cu13==9.24.0.43
 + nvidia-cufft==12.0.0.61
 + nvidia-cufile==1.15.1.6
 + nvidia-curand==10.4.0.35
 + nvidia-cusolver==12.0.4.66
 + nvidia-cusparse==12.6.3.3
 + nvidia-cusparselt-cu13==0.8.1
 + nvidia-nccl-cu13==2.30.7
 + nvidia-nvjitlink==13.4.52
 + nvidia-nvshmem-cu13==3.4.5
 + nvidia-nvtx==13.0.85
 + sympy==1.14.0
 + torch==2.14.0+cu130
 + triton==3.8.0
Using Python 3.12.14 environment at: /venv/main
Resolved 60 packages in 394ms
Downloading tokenizers (3.2MiB)
Downloading numpy (15.9MiB)
Downloading transformers (11.7MiB)
 Downloaded tokenizers
 Downloaded transformers
 Downloaded numpy
Prepared 17 packages in 425ms
Installed 17 packages in 218ms
 + accelerate==1.15.0
 + annotated-doc==0.0.5
 + einops==0.8.2
 + iniconfig==2.3.0
 + markdown-it-py==4.2.0
 + mdurl==0.1.2
 + ninja==1.13.2
 + numpy==2.5.3
 + pluggy==1.6.0
 + pytest==9.1.1
 + regex==2026.9.10
 + rich==15.0.0
 + safetensors==0.8.0
 + shellingham==1.5.4
 + tokenizers==0.23.2
 + transformers==5.17.0
 + typer==0.27.2
Using Python 3.12.14 environment at: /venv/main
   Updating https://github.com/fla-org/flash-linear-attention (HEAD)
    Updated https://github.com/fla-org/flash-linear-attention (516143e31fce09925e6c39ac37148444bad176c4)
Resolved 1 package in 2.58s
   Building flash-linear-attention @ git+https://github.com/fla-org/flash-linear-attention@516143e31fce09925e6c39ac37148444bad176c4
      Built flash-linear-attention @ git+https://github.com/fla-org/flash-linear-attention@516143e31fce09925e6c39ac37148444bad176c4
Prepared 1 package in 298ms
Installed 1 package in 32ms
 + flash-linear-attention==0.6.0 (from git+https://github.com/fla-org/flash-linear-attention@516143e31fce09925e6c39ac37148444bad176c4)
INSTALL_EXIT=0
